git clone  https://github.com/fatmazaarour/IronFatma.git
fatal: destination path 'IronFatma' already exists and is not an empty directory.

NON@HP850G8-NON MINGW64 ~ (master)
$ echo "# IronFatma" >> README.md

NON@HP850G8-NON MINGW64 ~ (master)
$ git init
Reinitialized existing Git repository in C:/Users/NON/.git/

NON@HP850G8-NON MINGW64 ~ (master)
$ git add README.md
warning: LF will be replaced by CRLF in README.md.
The file will have its original line endings in your working directory

NON@HP850G8-NON MINGW64 ~ (master)
$ git commit -m "first commit"
[master (root-commit) a9a4f00] first commit
 1 file changed, 1 insertion(+)
 create mode 100644 README.md

NON@HP850G8-NON MINGW64 ~ (master)
$ git branch -M main

NON@HP850G8-NON MINGW64 ~ (main)
$ git remote add origin https://github.com/fatmazaarour/IronFatma.git

NON@HP850G8-NON MINGW64 ~ (main)
$ git push -u origin main
Enumerating objects: 3, done.
Counting objects: 100% (3/3), done.
Writing objects: 100% (3/3), 233 bytes | 233.00 KiB/s, done.
Total 3 (delta 0), reused 0 (delta 0), pack-reused 0
To https://github.com/fatmazaarour/IronFatma.git
 * [new branch]      main -> main
branch 'main' set up to track 'origin/main'.

NON@HP850G8-NON MINGW64 ~ (main)
$ $ echo "# IronFatma" >> README.md
bash: $: command not found

NON@HP850G8-NON MINGW64 ~ (main)
$ echo "# IronFatma" >> about.txt

NON@HP850G8-NON MINGW64 ~ (main)
$ $ git init
bash: $: command not found

NON@HP850G8-NON MINGW64 ~ (main)
$ $ git init
bash: $: command not found

NON@HP850G8-NON MINGW64 ~ (main)
$  git init
Reinitialized existing Git repository in C:/Users/NON/.git/

NON@HP850G8-NON MINGW64 ~ (main)
$ git add about.txt
warning: LF will be replaced by CRLF in about.txt.
The file will have its original line endings in your working directory

NON@HP850G8-NON MINGW64 ~ (main)
$ git commit -m "learning by eating"
[main f54d86f] learning by eating
 1 file changed, 1 insertion(+)
 create mode 100644 about.txt

NON@HP850G8-NON MINGW64 ~ (main)
$ git branch -M main

NON@HP850G8-NON MINGW64 ~ (main)
$ $ git push -u origin main
bash: $: command not found

NON@HP850G8-NON MINGW64 ~ (main)
$ git push -u origin main
Enumerating objects: 3, done.
Counting objects: 100% (3/3), done.
Delta compression using up to 8 threads
Compressing objects: 100% (2/2), done.
Writing objects: 100% (2/2), 263 bytes | 263.00 KiB/s, done.
Total 2 (delta 0), reused 0 (delta 0), pack-reused 0
To https://github.com/fatmazaarour/IronFatma.git
   a9a4f00..f54d86f  main -> main
branch 'main' set up to track 'origin/main'.

NON@HP850G8-NON MINGW64 ~ (main)
$ test new % ls
bash: test: %: binary operator expected

NON@HP850G8-NON MINGW64 ~ (main)
$  test new % ls
bash: test: %: binary operator expected

NON@HP850G8-NON MINGW64 ~ (main)
$ test new %ls
bash: test: new: unary operator expected

NON@HP850G8-NON MINGW64 ~ (main)
$  test new / ls
bash: test: /: binary operator expected

NON@HP850G8-NON MINGW64 ~ (main)
$ test new / ls
bash: test: /: binary operator expected

NON@HP850G8-NON MINGW64 ~ (main)
$  test new  ls
bash: test: new: unary operator expected

NON@HP850G8-NON MINGW64 ~ (main)
$ test new $ ls
bash: test: $: binary operator expected

NON@HP850G8-NON MINGW64 ~ (main)
$ $ ls
bash: $: command not found

NON@HP850G8-NON MINGW64 ~ (main)
$  ls
'3D Objects'/
 Anwendungsdaten@
 AppData/
 Contacts/
 Cookies@
 Desktop/
 Documents/
 Downloads/
 Druckumgebung@
'Eigene Dateien'@
 Favorites/
 IntelGraphicsProfiles/
 IronFatma/
 Links/
'Lokale Einstellungen'@
 Music/
 NTUSER.DAT
 NTUSER.DAT{d5146716-bfdf-11ec-8bc8-2811a8451941}.TM.blf
 NTUSER.DAT{d5146716-bfdf-11ec-8bc8-2811a8451941}.TMContainer00000000000000000001.regtrans-ms
 NTUSER.DAT{d5146716-bfdf-11ec-8bc8-2811a8451941}.TMContainer00000000000000000002.regtrans-ms
 Netzwerkumgebung@
 OneDrive/
 Pictures/
 README.md
 Recent@
'Saved Games'/
 Searches/
 SendTo@
 Startmenü@
 Untitled.ipynb
 Untitled1.ipynb
 Untitled10.ipynb
 Untitled11.ipynb
 Untitled2.ipynb
 Untitled3.ipynb
 Untitled4.ipynb
 Untitled5.ipynb
 Untitled6.ipynb
 Untitled7.ipynb
 Untitled8.ipynb
 Untitled9.ipynb
 Videos/
 Vorlagen@
 about.txt
 anaconda3/
 data.txt/
 fatma/
 fatma.ipynb
 fatmazaarour/
 file/
 my-repo/
 nameOfTheFile.txt
 ntuser.dat.LOG1
 ntuser.dat.LOG2
 ntuser.ini
 test/

NON@HP850G8-NON MINGW64 ~ (main)
$ git clone https://github.com/fatmazaarour/Week1Day1.git
Cloning into 'Week1Day1'...
remote: Enumerating objects: 3, done.
remote: Counting objects: 100% (3/3), done.
remote: Total 3 (delta 0), reused 3 (delta 0), pack-reused 0
Receiving objects: 100% (3/3), done.

NON@HP850G8-NON MINGW64 ~ (main)
$ cd test 1
bash: cd: too many arguments

NON@HP850G8-NON MINGW64 ~ (main)
$ ls
'3D Objects'/
 Anwendungsdaten@
 AppData/
 Contacts/
 Cookies@
 Desktop/
 Documents/
 Downloads/
 Druckumgebung@
'Eigene Dateien'@
 Favorites/
 IntelGraphicsProfiles/
 IronFatma/
 Links/
'Lokale Einstellungen'@
 Music/
 NTUSER.DAT
 NTUSER.DAT{d5146716-bfdf-11ec-8bc8-2811a8451941}.TM.blf
 NTUSER.DAT{d5146716-bfdf-11ec-8bc8-2811a8451941}.TMContainer00000000000000000001.regtrans-ms
 NTUSER.DAT{d5146716-bfdf-11ec-8bc8-2811a8451941}.TMContainer00000000000000000002.regtrans-ms
 Netzwerkumgebung@
 OneDrive/
 Pictures/
 README.md
 Recent@
'Saved Games'/
 Searches/
 SendTo@
 Startmenü@
 Untitled.ipynb
 Untitled1.ipynb
 Untitled10.ipynb
 Untitled11.ipynb
 Untitled2.ipynb
 Untitled3.ipynb
 Untitled4.ipynb
 Untitled5.ipynb
 Untitled6.ipynb
 Untitled7.ipynb
 Untitled8.ipynb
 Untitled9.ipynb
 Videos/
 Vorlagen@
 Week1Day1/
 about.txt
 anaconda3/
 data.txt/
 fatma/
 fatma.ipynb
 fatmazaarour/
 file/
 my-repo/
 nameOfTheFile.txt
 ntuser.dat.LOG1
 ntuser.dat.LOG2
 ntuser.ini
 test/

NON@HP850G8-NON MINGW64 ~ (main)
$ cat about.txt
# IronFatma

NON@HP850G8-NON MINGW64 ~ (main)
$ echo " I enrolled Ironhack's Data Analytics bootcamp because i want iöprove my knowledge">about.txt

NON@HP850G8-NON MINGW64 ~ (main)
$ git status
warning: could not open directory 'Anwendungsdaten/': Permission denied
warning: could not open directory 'Cookies/': Permission denied
warning: could not open directory 'Druckumgebung/': Permission denied
warning: could not open directory 'Eigene Dateien/': Permission denied
warning: could not open directory 'Lokale Einstellungen/': Permission denied
warning: could not open directory 'Netzwerkumgebung/': Permission denied
warning: could not open directory 'Recent/': Permission denied
warning: could not open directory 'SendTo/': Permission denied
warning: could not open directory 'Startmenü/': Permission denied
warning: could not open directory 'Vorlagen/': Permission denied
On branch main
Your branch is up to date with 'origin/main'.

Changes not staged for commit:
  (use "git add <file>..." to update what will be committed)
  (use "git restore <file>..." to discard changes in working directory)
        modified:   about.txt

Untracked files:
  (use "git add <file>..." to include in what will be committed)
        .anaconda/
        .bash_history
        .conda/
        .condarc
        .continuum/
        .gitconfig
        .ipynb_checkpoints/
        .ipython/
        .jupyter/
        .lesshst
        .matplotlib/
        .spyder-py3/
        3D Objects/
        AppData/
        Contacts/
        Desktop/
        Documents/
        Downloads/
        Favorites/
        IntelGraphicsProfiles/
        IronFatma/
        Links/
        Music/
        NTUSER.DAT
        NTUSER.DAT{d5146716-bfdf-11ec-8bc8-2811a8451941}.TM.blf
        NTUSER.DAT{d5146716-bfdf-11ec-8bc8-2811a8451941}.TMContainer00000000000000000001.regtrans-ms
        NTUSER.DAT{d5146716-bfdf-11ec-8bc8-2811a8451941}.TMContainer00000000000000000002.regtrans-ms
        OneDrive/
        Pictures/
        Saved Games/
        Searches/
        Untitled.ipynb
        Untitled1.ipynb
        Untitled10.ipynb
        Untitled11.ipynb
        Untitled2.ipynb
        Untitled3.ipynb
        Untitled4.ipynb
        Untitled5.ipynb
        Untitled6.ipynb
        Untitled7.ipynb
        Untitled8.ipynb
        Untitled9.ipynb
        Videos/
        Week1Day1/
        anaconda3/
        fatma.ipynb
        fatmazaarour/
        my-repo/
        nameOfTheFile.txt
        ntuser.dat.LOG1
        ntuser.dat.LOG2
        ntuser.ini
        test/

no changes added to commit (use "git add" and/or "git commit -a")

NON@HP850G8-NON MINGW64 ~ (main)
$ git status ...
On branch main
Your branch is up to date with 'origin/main'.

nothing to commit, working tree clean

NON@HP850G8-NON MINGW64 ~ (main)
$ git commit - m "I enrolled Ironhack's Data Analytics bootcamp because i want iöprove my knowledge">about.txt
error: pathspec '-' did not match any file(s) known to git
error: pathspec 'm' did not match any file(s) known to git
error: pathspec 'I enrolled Ironhack's Data Analytics bootcamp because i want iöprove my knowledge' did not match any file(s) known to git

NON@HP850G8-NON MINGW64 ~ (main)
$ git commit - m "I enrolled Ironhack's Data Analytics bootcamp because i want iöprove my knowledge"cat about.txt
error: pathspec '-' did not match any file(s) known to git
error: pathspec 'm' did not match any file(s) known to git
error: pathspec 'I enrolled Ironhack's Data Analytics bootcamp because i want iöprove my knowledgecat' did not match any file(s) known to git

NON@HP850G8-NON MINGW64 ~ (main)
$ git add about.txt

NON@HP850G8-NON MINGW64 ~ (main)
$ git commit - m git commit - m
error: pathspec '-' did not match any file(s) known to git
error: pathspec 'm' did not match any file(s) known to git
error: pathspec 'git' did not match any file(s) known to git
error: pathspec 'commit' did not match any file(s) known to git
error: pathspec '-' did not match any file(s) known to git
error: pathspec 'm' did not match any file(s) known to git

NON@HP850G8-NON MINGW64 ~ (main)
$ git commit - m
error: pathspec '-' did not match any file(s) known to git
error: pathspec 'm' did not match any file(s) known to git

NON@HP850G8-NON MINGW64 ~ (main)
$ git commit - m "I enrolled Ironhack's Data Analytics bootcamp because i want iöprove my knowledge"git push -u origin main
error: pathspec '-' did not match any file(s) known to git
error: pathspec 'm' did not match any file(s) known to git
error: pathspec 'I enrolled Ironhack's Data Analytics bootcamp because i want iöprove my knowledgegit' did not match any file(s) known to git
error: pathspec 'push' did not match any file(s) known to git
error: pathspec 'origin' did not match any file(s) known to git
error: pathspec 'main' did not match any file(s) known to git

NON@HP850G8-NON MINGW64 ~ (main)
$ git init
Reinitialized existing Git repository in C:/Users/NON/.git/

NON@HP850G8-NON MINGW64 ~ (main)
$ add about.txt
bash: add: command not found

NON@HP850G8-NON MINGW64 ~ (main)
$ git add about.txt

NON@HP850G8-NON MINGW64 ~ (main)
$  git commit - m "I enrolled Ironhack's Data Analytics bootcamp because i want iöprove my knowledge"
error: pathspec '-' did not match any file(s) known to git
error: pathspec 'm' did not match any file(s) known to git
error: pathspec 'I enrolled Ironhack's Data Analytics bootcamp because i want iöprove my knowledge' did not match any file(s) known to git

NON@HP850G8-NON MINGW64 ~ (main)
$ git commit -m "first commit"
[main 31ec691] first commit
 1 file changed, 1 deletion(-)

NON@HP850G8-NON MINGW64 ~ (main)
$ git commit -m "to improve my knowledge"
warning: could not open directory 'Anwendungsdaten/': Permission denied
warning: could not open directory 'Cookies/': Permission denied
warning: could not open directory 'Druckumgebung/': Permission denied
warning: could not open directory 'Eigene Dateien/': Permission denied
warning: could not open directory 'Lokale Einstellungen/': Permission denied
warning: could not open directory 'Netzwerkumgebung/': Permission denied
warning: could not open directory 'Recent/': Permission denied
warning: could not open directory 'SendTo/': Permission denied
warning: could not open directory 'Startmenü/': Permission denied
warning: could not open directory 'Vorlagen/': Permission denied
On branch main
Your branch is ahead of 'origin/main' by 1 commit.
  (use "git push" to publish your local commits)

Untracked files:
  (use "git add <file>..." to include in what will be committed)
        .anaconda/
        .bash_history
        .conda/
        .condarc
        .continuum/
        .gitconfig
        .ipynb_checkpoints/
        .ipython/
        .jupyter/
        .lesshst
        .matplotlib/
        .spyder-py3/
        3D Objects/
        AppData/
        Contacts/
        Desktop/
        Documents/
        Downloads/
        Favorites/
        IntelGraphicsProfiles/
        IronFatma/
        Links/
        Music/
        NTUSER.DAT
        NTUSER.DAT{d5146716-bfdf-11ec-8bc8-2811a8451941}.TM.blf
        NTUSER.DAT{d5146716-bfdf-11ec-8bc8-2811a8451941}.TMContainer00000000000000000001.regtrans-ms
        NTUSER.DAT{d5146716-bfdf-11ec-8bc8-2811a8451941}.TMContainer00000000000000000002.regtrans-ms
        OneDrive/
        Pictures/
        Saved Games/
        Searches/
        Untitled.ipynb
        Untitled1.ipynb
        Untitled10.ipynb
        Untitled11.ipynb
        Untitled2.ipynb
        Untitled3.ipynb
        Untitled4.ipynb
        Untitled5.ipynb
        Untitled6.ipynb
        Untitled7.ipynb
        Untitled8.ipynb
        Untitled9.ipynb
        Videos/
        Week1Day1/
        anaconda3/
        fatma.ipynb
        fatmazaarour/
        my-repo/
        nameOfTheFile.txt
        ntuser.dat.LOG1
        ntuser.dat.LOG2
        ntuser.ini
        test/

nothing added to commit but untracked files present (use "git add" to track)

NON@HP850G8-NON MINGW64 ~ (main)
$ git branch -M main

NON@HP850G8-NON MINGW64 ~ (main)
$ git remote add origin https://github.com/fatmazaarour/Week1Day1.git
error: remote origin already exists.

NON@HP850G8-NON MINGW64 ~ (main)
$ git push -u origin main
Enumerating objects: 5, done.
Counting objects: 100% (5/5), done.
Delta compression using up to 8 threads
Compressing objects: 100% (2/2), done.
Writing objects: 100% (3/3), 286 bytes | 286.00 KiB/s, done.
Total 3 (delta 0), reused 0 (delta 0), pack-reused 0
To https://github.com/fatmazaarour/IronFatma.git
   f54d86f..31ec691  main -> main
branch 'main' set up to track 'origin/main'.

NON@HP850G8-NON MINGW64 ~ (main)
$ git clone https://github.com/silviadifra/Week1Day1.git
fatal: destination path 'Week1Day1' already exists and is not an empty directory.

NON@HP850G8-NON MINGW64 ~ (main)
$ git init
Reinitialized existing Git repository in C:/Users/NON/.git/

NON@HP850G8-NON MINGW64 ~ (main)
$ git add about1.txt
fatal: pathspec 'about1.txt' did not match any files

NON@HP850G8-NON MINGW64 ~ (main)
$ mkdir about.txt
mkdir: cannot create directory ‘about.txt’: File exists

NON@HP850G8-NON MINGW64 ~ (main)
$ mkdir about1.txt

NON@HP850G8-NON MINGW64 ~ (main)
$ ls
'3D Objects'/
 Anwendungsdaten@
 AppData/
 Contacts/
 Cookies@
 Desktop/
 Documents/
 Downloads/
 Druckumgebung@
'Eigene Dateien'@
 Favorites/
 IntelGraphicsProfiles/
 IronFatma/
 Links/
'Lokale Einstellungen'@
 Music/
 NTUSER.DAT
 NTUSER.DAT{d5146716-bfdf-11ec-8bc8-2811a8451941}.TM.blf
 NTUSER.DAT{d5146716-bfdf-11ec-8bc8-2811a8451941}.TMContainer00000000000000000001.regtrans-ms
 NTUSER.DAT{d5146716-bfdf-11ec-8bc8-2811a8451941}.TMContainer00000000000000000002.regtrans-ms
 Netzwerkumgebung@
 OneDrive/
 Pictures/
 README.md
 Recent@
'Saved Games'/
 Searches/
 SendTo@
 Startmenü@
 Untitled.ipynb
 Untitled1.ipynb
 Untitled10.ipynb
 Untitled11.ipynb
 Untitled2.ipynb
 Untitled3.ipynb
 Untitled4.ipynb
 Untitled5.ipynb
 Untitled6.ipynb
 Untitled7.ipynb
 Untitled8.ipynb
 Untitled9.ipynb
 Videos/
 Vorlagen@
 Week1Day1/
 about.txt
 about1.txt/
 anaconda3/
 data.txt/
 fatma/
 fatma.ipynb
 fatmazaarour/
 file/
 my-repo/
 nameOfTheFile.txt
 ntuser.dat.LOG1
 ntuser.dat.LOG2
 ntuser.ini
 test/



NON@HP850G8-NON MINGW64 ~ (main)
$ echo "I enrolled Ironhack's Data Analytics bootcamp because i want iöprove my knowledge">>about.txt

NON@HP850G8-NON MINGW64 ~ (main)
$ git status ...
On branch main
Your branch is up to date with 'origin/main'.

nothing to commit, working tree clean

NON@HP850G8-NON MINGW64 ~ (main)
$ cat about.txt...
cat: about.txt...: No such file or directory

NON@HP850G8-NON MINGW64 ~ (main)
$ git push -u origin main
Everything up-to-date
branch 'main' set up to track 'origin/main'.

NON@HP850G8-NON MINGW64 ~ (main)
$
